
> @vcloudrunner/worker@0.1.0 build
> tsc -p tsconfig.json

